<!DOCTYPE html>
<html>
  <head>
    <title>Task4</title>
    
    

    <link rel="stylesheet" media="all" href="/assets/application-b324c44f04a0d0da658824105489a2676d49df561c3d06723770321fd441977c.css" />
    <script src="/assets/application-85d9a73fda0f0681d4ef3a9b1147090e2e807aa98db37994df53a3e31b5538c9.js"></script>
  </head>

  <body>
    <h1>
  Автобусы Самара – Москва
</h1>
<h2>
  В расписании 2 рейсов
</h2>

  <ul>
    <li>Отправление: 11:00</li>
<li>Прибытие: 13:48</li>
<li>В пути: 2ч. 48мин.</li>
<li>Цена: 4р. 74коп.</li>
<li>Автобус: ГАЗ №426</li>

      <li>Сервисы в автобусе:</li>
<ul>
    <li>WiFi</li>

</ul>

  </ul>
  ====================================================

  <ul>
    <li>Отправление: 17:30</li>
<li>Прибытие: 18:07</li>
<li>В пути: 0ч. 37мин.</li>
<li>Цена: 1р. 73коп.</li>
<li>Автобус: ГАЗ №624</li>

      <li>Сервисы в автобусе:</li>
<ul>
    <li>WiFi</li>

    <li>Туалет</li>

</ul>

  </ul>
  ====================================================


  </body>
</html>
